                                      1 ;--------------------------------------------------------
                                      2 ; File Created by SDCC : free open source ISO C Compiler
                                      3 ; Version 4.5.0 #15242 (MINGW64)
                                      4 ;--------------------------------------------------------
                                      5 	.module lab
                                      6 	
                                      7 	.optsdcc -mmcs51 --model-small
                                      8 ;--------------------------------------------------------
                                      9 ; Public variables in this module
                                     10 ;--------------------------------------------------------
                                     11 	.globl _main
                                     12 	.globl _f
                                     13 	.globl _CY
                                     14 	.globl _AC
                                     15 	.globl _F0
                                     16 	.globl _RS1
                                     17 	.globl _RS0
                                     18 	.globl _OV
                                     19 	.globl _F1
                                     20 	.globl _P
                                     21 	.globl _PS
                                     22 	.globl _PT1
                                     23 	.globl _PX1
                                     24 	.globl _PT0
                                     25 	.globl _PX0
                                     26 	.globl _RD
                                     27 	.globl _WR
                                     28 	.globl _T1
                                     29 	.globl _T0
                                     30 	.globl _INT1
                                     31 	.globl _INT0
                                     32 	.globl _TXD
                                     33 	.globl _RXD
                                     34 	.globl _P3_7
                                     35 	.globl _P3_6
                                     36 	.globl _P3_5
                                     37 	.globl _P3_4
                                     38 	.globl _P3_3
                                     39 	.globl _P3_2
                                     40 	.globl _P3_1
                                     41 	.globl _P3_0
                                     42 	.globl _EA
                                     43 	.globl _ES
                                     44 	.globl _ET1
                                     45 	.globl _EX1
                                     46 	.globl _ET0
                                     47 	.globl _EX0
                                     48 	.globl _P2_7
                                     49 	.globl _P2_6
                                     50 	.globl _P2_5
                                     51 	.globl _P2_4
                                     52 	.globl _P2_3
                                     53 	.globl _P2_2
                                     54 	.globl _P2_1
                                     55 	.globl _P2_0
                                     56 	.globl _SM0
                                     57 	.globl _SM1
                                     58 	.globl _SM2
                                     59 	.globl _REN
                                     60 	.globl _TB8
                                     61 	.globl _RB8
                                     62 	.globl _TI
                                     63 	.globl _RI
                                     64 	.globl _P1_7
                                     65 	.globl _P1_6
                                     66 	.globl _P1_5
                                     67 	.globl _P1_4
                                     68 	.globl _P1_3
                                     69 	.globl _P1_2
                                     70 	.globl _P1_1
                                     71 	.globl _P1_0
                                     72 	.globl _TF1
                                     73 	.globl _TR1
                                     74 	.globl _TF0
                                     75 	.globl _TR0
                                     76 	.globl _IE1
                                     77 	.globl _IT1
                                     78 	.globl _IE0
                                     79 	.globl _IT0
                                     80 	.globl _P0_7
                                     81 	.globl _P0_6
                                     82 	.globl _P0_5
                                     83 	.globl _P0_4
                                     84 	.globl _P0_3
                                     85 	.globl _P0_2
                                     86 	.globl _P0_1
                                     87 	.globl _P0_0
                                     88 	.globl _B
                                     89 	.globl _ACC
                                     90 	.globl _PSW
                                     91 	.globl _IP
                                     92 	.globl _P3
                                     93 	.globl _IE
                                     94 	.globl _P2
                                     95 	.globl _SBUF
                                     96 	.globl _SCON
                                     97 	.globl _P1
                                     98 	.globl _TH1
                                     99 	.globl _TH0
                                    100 	.globl _TL1
                                    101 	.globl _TL0
                                    102 	.globl _TMOD
                                    103 	.globl _TCON
                                    104 	.globl _PCON
                                    105 	.globl _DPH
                                    106 	.globl _DPL
                                    107 	.globl _SP
                                    108 	.globl _P0
                                    109 	.globl _shift
                                    110 ;--------------------------------------------------------
                                    111 ; special function registers
                                    112 ;--------------------------------------------------------
                                    113 	.area RSEG    (ABS,DATA)
      000000                        114 	.org 0x0000
                           000080   115 _P0	=	0x0080
                           000081   116 _SP	=	0x0081
                           000082   117 _DPL	=	0x0082
                           000083   118 _DPH	=	0x0083
                           000087   119 _PCON	=	0x0087
                           000088   120 _TCON	=	0x0088
                           000089   121 _TMOD	=	0x0089
                           00008A   122 _TL0	=	0x008a
                           00008B   123 _TL1	=	0x008b
                           00008C   124 _TH0	=	0x008c
                           00008D   125 _TH1	=	0x008d
                           000090   126 _P1	=	0x0090
                           000098   127 _SCON	=	0x0098
                           000099   128 _SBUF	=	0x0099
                           0000A0   129 _P2	=	0x00a0
                           0000A8   130 _IE	=	0x00a8
                           0000B0   131 _P3	=	0x00b0
                           0000B8   132 _IP	=	0x00b8
                           0000D0   133 _PSW	=	0x00d0
                           0000E0   134 _ACC	=	0x00e0
                           0000F0   135 _B	=	0x00f0
                                    136 ;--------------------------------------------------------
                                    137 ; special function bits
                                    138 ;--------------------------------------------------------
                                    139 	.area RSEG    (ABS,DATA)
      000000                        140 	.org 0x0000
                           000080   141 _P0_0	=	0x0080
                           000081   142 _P0_1	=	0x0081
                           000082   143 _P0_2	=	0x0082
                           000083   144 _P0_3	=	0x0083
                           000084   145 _P0_4	=	0x0084
                           000085   146 _P0_5	=	0x0085
                           000086   147 _P0_6	=	0x0086
                           000087   148 _P0_7	=	0x0087
                           000088   149 _IT0	=	0x0088
                           000089   150 _IE0	=	0x0089
                           00008A   151 _IT1	=	0x008a
                           00008B   152 _IE1	=	0x008b
                           00008C   153 _TR0	=	0x008c
                           00008D   154 _TF0	=	0x008d
                           00008E   155 _TR1	=	0x008e
                           00008F   156 _TF1	=	0x008f
                           000090   157 _P1_0	=	0x0090
                           000091   158 _P1_1	=	0x0091
                           000092   159 _P1_2	=	0x0092
                           000093   160 _P1_3	=	0x0093
                           000094   161 _P1_4	=	0x0094
                           000095   162 _P1_5	=	0x0095
                           000096   163 _P1_6	=	0x0096
                           000097   164 _P1_7	=	0x0097
                           000098   165 _RI	=	0x0098
                           000099   166 _TI	=	0x0099
                           00009A   167 _RB8	=	0x009a
                           00009B   168 _TB8	=	0x009b
                           00009C   169 _REN	=	0x009c
                           00009D   170 _SM2	=	0x009d
                           00009E   171 _SM1	=	0x009e
                           00009F   172 _SM0	=	0x009f
                           0000A0   173 _P2_0	=	0x00a0
                           0000A1   174 _P2_1	=	0x00a1
                           0000A2   175 _P2_2	=	0x00a2
                           0000A3   176 _P2_3	=	0x00a3
                           0000A4   177 _P2_4	=	0x00a4
                           0000A5   178 _P2_5	=	0x00a5
                           0000A6   179 _P2_6	=	0x00a6
                           0000A7   180 _P2_7	=	0x00a7
                           0000A8   181 _EX0	=	0x00a8
                           0000A9   182 _ET0	=	0x00a9
                           0000AA   183 _EX1	=	0x00aa
                           0000AB   184 _ET1	=	0x00ab
                           0000AC   185 _ES	=	0x00ac
                           0000AF   186 _EA	=	0x00af
                           0000B0   187 _P3_0	=	0x00b0
                           0000B1   188 _P3_1	=	0x00b1
                           0000B2   189 _P3_2	=	0x00b2
                           0000B3   190 _P3_3	=	0x00b3
                           0000B4   191 _P3_4	=	0x00b4
                           0000B5   192 _P3_5	=	0x00b5
                           0000B6   193 _P3_6	=	0x00b6
                           0000B7   194 _P3_7	=	0x00b7
                           0000B0   195 _RXD	=	0x00b0
                           0000B1   196 _TXD	=	0x00b1
                           0000B2   197 _INT0	=	0x00b2
                           0000B3   198 _INT1	=	0x00b3
                           0000B4   199 _T0	=	0x00b4
                           0000B5   200 _T1	=	0x00b5
                           0000B6   201 _WR	=	0x00b6
                           0000B7   202 _RD	=	0x00b7
                           0000B8   203 _PX0	=	0x00b8
                           0000B9   204 _PT0	=	0x00b9
                           0000BA   205 _PX1	=	0x00ba
                           0000BB   206 _PT1	=	0x00bb
                           0000BC   207 _PS	=	0x00bc
                           0000D0   208 _P	=	0x00d0
                           0000D1   209 _F1	=	0x00d1
                           0000D2   210 _OV	=	0x00d2
                           0000D3   211 _RS0	=	0x00d3
                           0000D4   212 _RS1	=	0x00d4
                           0000D5   213 _F0	=	0x00d5
                           0000D6   214 _AC	=	0x00d6
                           0000D7   215 _CY	=	0x00d7
                                    216 ;--------------------------------------------------------
                                    217 ; overlayable register banks
                                    218 ;--------------------------------------------------------
                                    219 	.area REG_BANK_0	(REL,OVR,DATA)
      000000                        220 	.ds 8
                                    221 ;--------------------------------------------------------
                                    222 ; internal ram data
                                    223 ;--------------------------------------------------------
                                    224 	.area DSEG    (DATA)
      000000                        225 _shift::
      000000                        226 	.ds 1
                                    227 ;--------------------------------------------------------
                                    228 ; overlayable items in internal ram
                                    229 ;--------------------------------------------------------
                                    230 ;--------------------------------------------------------
                                    231 ; Stack segment in internal ram
                                    232 ;--------------------------------------------------------
                                    233 	.area SSEG
      000000                        234 __start__stack:
      000000                        235 	.ds	1
                                    236 
                                    237 ;--------------------------------------------------------
                                    238 ; indirectly addressable internal ram data
                                    239 ;--------------------------------------------------------
                                    240 	.area ISEG    (DATA)
                                    241 ;--------------------------------------------------------
                                    242 ; absolute internal ram data
                                    243 ;--------------------------------------------------------
                                    244 	.area IABS    (ABS,DATA)
                                    245 	.area IABS    (ABS,DATA)
                                    246 ;--------------------------------------------------------
                                    247 ; bit data
                                    248 ;--------------------------------------------------------
                                    249 	.area BSEG    (BIT)
                                    250 ;--------------------------------------------------------
                                    251 ; paged external ram data
                                    252 ;--------------------------------------------------------
                                    253 	.area PSEG    (PAG,XDATA)
                                    254 ;--------------------------------------------------------
                                    255 ; uninitialized external ram data
                                    256 ;--------------------------------------------------------
                                    257 	.area XSEG    (XDATA)
                                    258 ;--------------------------------------------------------
                                    259 ; absolute external ram data
                                    260 ;--------------------------------------------------------
                                    261 	.area XABS    (ABS,XDATA)
                                    262 ;--------------------------------------------------------
                                    263 ; initialized external ram data
                                    264 ;--------------------------------------------------------
                                    265 	.area XISEG   (XDATA)
                                    266 	.area HOME    (CODE)
                                    267 	.area GSINIT0 (CODE)
                                    268 	.area GSINIT1 (CODE)
                                    269 	.area GSINIT2 (CODE)
                                    270 	.area GSINIT3 (CODE)
                                    271 	.area GSINIT4 (CODE)
                                    272 	.area GSINIT5 (CODE)
                                    273 	.area GSINIT  (CODE)
                                    274 	.area GSFINAL (CODE)
                                    275 	.area CSEG    (CODE)
                                    276 ;--------------------------------------------------------
                                    277 ; interrupt vector
                                    278 ;--------------------------------------------------------
                                    279 	.area HOME    (CODE)
      000000                        280 __interrupt_vect:
      000000 02r00r00         [24]  281 	ljmp	__sdcc_gsinit_startup
      000003 32               [24]  282 	reti
      000004                        283 	.ds	7
      00000B 02r00r00         [24]  284 	ljmp	_f
                                    285 ; restartable atomic support routines
      00000E                        286 	.ds	2
      000010                        287 sdcc_atomic_exchange_rollback_start::
      000010 00               [12]  288 	nop
      000011 00               [12]  289 	nop
      000012                        290 sdcc_atomic_exchange_pdata_impl:
      000012 E2               [24]  291 	movx	a, @r0
      000013 FB               [12]  292 	mov	r3, a
      000014 EA               [12]  293 	mov	a, r2
      000015 F2               [24]  294 	movx	@r0, a
      000016 80 2C            [24]  295 	sjmp	sdcc_atomic_exchange_exit
      000018 00               [12]  296 	nop
      000019 00               [12]  297 	nop
      00001A                        298 sdcc_atomic_exchange_xdata_impl:
      00001A E0               [24]  299 	movx	a, @dptr
      00001B FB               [12]  300 	mov	r3, a
      00001C EA               [12]  301 	mov	a, r2
      00001D F0               [24]  302 	movx	@dptr, a
      00001E 80 24            [24]  303 	sjmp	sdcc_atomic_exchange_exit
      000020                        304 sdcc_atomic_compare_exchange_idata_impl:
      000020 E6               [12]  305 	mov	a, @r0
      000021 B5 02 02         [24]  306 	cjne	a, ar2, .+#5
      000024 EB               [12]  307 	mov	a, r3
      000025 F6               [12]  308 	mov	@r0, a
      000026 22               [24]  309 	ret
      000027 00               [12]  310 	nop
      000028                        311 sdcc_atomic_compare_exchange_pdata_impl:
      000028 E2               [24]  312 	movx	a, @r0
      000029 B5 02 02         [24]  313 	cjne	a, ar2, .+#5
      00002C EB               [12]  314 	mov	a, r3
      00002D F2               [24]  315 	movx	@r0, a
      00002E 22               [24]  316 	ret
      00002F 00               [12]  317 	nop
      000030                        318 sdcc_atomic_compare_exchange_xdata_impl:
      000030 E0               [24]  319 	movx	a, @dptr
      000031 B5 02 02         [24]  320 	cjne	a, ar2, .+#5
      000034 EB               [12]  321 	mov	a, r3
      000035 F0               [24]  322 	movx	@dptr, a
      000036 22               [24]  323 	ret
      000037                        324 sdcc_atomic_exchange_rollback_end::
                                    325 
      000037                        326 sdcc_atomic_exchange_gptr_impl::
      000037 30 F6 E0         [24]  327 	jnb	b.6, sdcc_atomic_exchange_xdata_impl
      00003A A8 82            [24]  328 	mov	r0, dpl
      00003C 20 F5 D3         [24]  329 	jb	b.5, sdcc_atomic_exchange_pdata_impl
      00003F                        330 sdcc_atomic_exchange_idata_impl:
      00003F EA               [12]  331 	mov	a, r2
      000040 C6               [12]  332 	xch	a, @r0
      000041 F5 82            [12]  333 	mov	dpl, a
      000043 22               [24]  334 	ret
      000044                        335 sdcc_atomic_exchange_exit:
      000044 8B 82            [24]  336 	mov	dpl, r3
      000046 22               [24]  337 	ret
      000047                        338 sdcc_atomic_compare_exchange_gptr_impl::
      000047 30 F6 E6         [24]  339 	jnb	b.6, sdcc_atomic_compare_exchange_xdata_impl
      00004A A8 82            [24]  340 	mov	r0, dpl
      00004C 20 F5 D9         [24]  341 	jb	b.5, sdcc_atomic_compare_exchange_pdata_impl
      00004F 80 CF            [24]  342 	sjmp	sdcc_atomic_compare_exchange_idata_impl
                                    343 ;--------------------------------------------------------
                                    344 ; global & static initialisations
                                    345 ;--------------------------------------------------------
                                    346 	.area HOME    (CODE)
                                    347 	.area GSINIT  (CODE)
                                    348 	.area GSFINAL (CODE)
                                    349 	.area GSINIT  (CODE)
                                    350 	.globl __sdcc_gsinit_startup
                                    351 	.globl __sdcc_program_startup
                                    352 	.globl __start__stack
                                    353 	.globl __mcs51_genXINIT
                                    354 	.globl __mcs51_genXRAMCLEAR
                                    355 	.globl __mcs51_genRAMCLEAR
                                    356 	.area GSFINAL (CODE)
      000000 02r00r51         [24]  357 	ljmp	__sdcc_program_startup
                                    358 ;--------------------------------------------------------
                                    359 ; Home
                                    360 ;--------------------------------------------------------
                                    361 	.area HOME    (CODE)
                                    362 	.area HOME    (CODE)
      000051                        363 __sdcc_program_startup:
      000051 02r00r01         [24]  364 	ljmp	_main
                                    365 ;	return from main will return to caller
                                    366 ;--------------------------------------------------------
                                    367 ; code
                                    368 ;--------------------------------------------------------
                                    369 	.area CSEG    (CODE)
                                    370 ;------------------------------------------------------------
                                    371 ;Allocation info for local variables in function 'f'
                                    372 ;------------------------------------------------------------
                                    373 ;	lab.c:5: void f() __interrupt(1) {
                                    374 ;	-----------------------------------------
                                    375 ;	 function f
                                    376 ;	-----------------------------------------
      000000                        377 _f:
                           000007   378 	ar7 = 0x07
                           000006   379 	ar6 = 0x06
                           000005   380 	ar5 = 0x05
                           000004   381 	ar4 = 0x04
                           000003   382 	ar3 = 0x03
                           000002   383 	ar2 = 0x02
                           000001   384 	ar1 = 0x01
                           000000   385 	ar0 = 0x00
                                    386 ;	lab.c:7: }
      000000 32               [24]  387 	reti
                                    388 ;	eliminated unneeded mov psw,# (no regs used in bank)
                                    389 ;	eliminated unneeded push/pop not_psw
                                    390 ;	eliminated unneeded push/pop dpl
                                    391 ;	eliminated unneeded push/pop dph
                                    392 ;	eliminated unneeded push/pop b
                                    393 ;	eliminated unneeded push/pop acc
                                    394 ;------------------------------------------------------------
                                    395 ;Allocation info for local variables in function 'main'
                                    396 ;------------------------------------------------------------
                                    397 ;	lab.c:8: void main(void) {
                                    398 ;	-----------------------------------------
                                    399 ;	 function main
                                    400 ;	-----------------------------------------
      000001                        401 _main:
                                    402 ;	lab.c:9: TMOD = 0b0000001;
      000001 75 89 01         [24]  403 	mov	_TMOD,#0x01
                                    404 ;	lab.c:10: shift = 0xFF;
      000004 75*00 FF         [24]  405 	mov	_shift,#0xff
                                    406 ;	lab.c:11: while(1) {
      000007                        407 00105$:
                                    408 ;	lab.c:12: P1 = 0;
      000007 75 90 00         [24]  409 	mov	_P1,#0x00
                                    410 ;	lab.c:13: TH0 = 1000/256;
      00000A 75 8C 03         [24]  411 	mov	_TH0,#0x03
                                    412 ;	lab.c:14: TL0 = 1000%256;
      00000D 75 8A E8         [24]  413 	mov	_TL0,#0xe8
                                    414 ;	lab.c:15: TR0 = 1;
                                    415 ;	assignBit
      000010 D2 8C            [12]  416 	setb	_TR0
                                    417 ;	lab.c:16: while(TF0 == 0){};
      000012                        418 00101$:
      000012 30 8D FD         [24]  419 	jnb	_TF0,00101$
                                    420 ;	lab.c:17: P1 = ~shift;
      000015 E5*00            [12]  421 	mov	a,_shift
      000017 F4               [12]  422 	cpl	a
      000018 F5 90            [12]  423 	mov	_P1,a
                                    424 ;	lab.c:18: shift << 1;
      00001A E5*00            [12]  425 	mov	a,_shift
                                    426 ;	lab.c:19: TF0 = 0;
                                    427 ;	assignBit
      00001C C2 8D            [12]  428 	clr	_TF0
                                    429 ;	lab.c:21: }
      00001E 80 E7            [24]  430 	sjmp	00105$
                                    431 	.area CSEG    (CODE)
                                    432 	.area CONST   (CODE)
                                    433 	.area XINIT   (CODE)
                                    434 	.area CABS    (ABS,CODE)
